2 * x * x + y (cached) (differentiable function):

computation (not cached)
[1](0)
[1](0)
computation (not cached)
gradient computation (not cached)
[2](0,1)
[2](0,1)
jacobian computation (not cached)
[1,2]((0,1))
[1,2]((0,1))
computation (not cached)
[1](1.5)
[1](1.5)
computation (not cached)
gradient computation (not cached)
[2](2,1)
[2](2,1)
jacobian computation (not cached)
[1,2]((2,1))
[1,2]((2,1))
computation (not cached)
[1](4)
[1](4)
computation (not cached)
gradient computation (not cached)
[2](4,1)
[2](4,1)
jacobian computation (not cached)
[1,2]((4,1))
[1,2]((4,1))
computation (not cached)
[1](7.5)
[1](7.5)
computation (not cached)
gradient computation (not cached)
[2](6,1)
[2](6,1)
jacobian computation (not cached)
[1,2]((6,1))
[1,2]((6,1))
computation (not cached)
[1](12)
[1](12)
computation (not cached)
gradient computation (not cached)
[2](8,1)
[2](8,1)
jacobian computation (not cached)
[1,2]((8,1))
[1,2]((8,1))
computation (not cached)
[1](17.5)
[1](17.5)
computation (not cached)
gradient computation (not cached)
[2](10,1)
[2](10,1)
jacobian computation (not cached)
[1,2]((10,1))
[1,2]((10,1))
computation (not cached)
[1](24)
[1](24)
computation (not cached)
gradient computation (not cached)
[2](12,1)
[2](12,1)
jacobian computation (not cached)
[1,2]((12,1))
[1,2]((12,1))
computation (not cached)
[1](31.5)
[1](31.5)
computation (not cached)
gradient computation (not cached)
[2](14,1)
[2](14,1)
jacobian computation (not cached)
[1,2]((14,1))
[1,2]((14,1))
computation (not cached)
[1](40)
[1](40)
computation (not cached)
gradient computation (not cached)
[2](16,1)
[2](16,1)
jacobian computation (not cached)
[1,2]((16,1))
[1,2]((16,1))
computation (not cached)
[1](49.5)
[1](49.5)
computation (not cached)
gradient computation (not cached)
[2](18,1)
[2](18,1)
jacobian computation (not cached)
[1,2]((18,1))
[1,2]((18,1))
computation (not cached)
[1](60)
[1](60)
computation (not cached)
gradient computation (not cached)
[2](20,1)
[2](20,1)
jacobian computation (not cached)
[1,2]((20,1))
[1,2]((20,1))
computation (not cached)
[1](71.5)
[1](71.5)
computation (not cached)
gradient computation (not cached)
[2](22,1)
[2](22,1)
jacobian computation (not cached)
[1,2]((22,1))
[1,2]((22,1))
computation (not cached)
[1](84)
[1](84)
computation (not cached)
gradient computation (not cached)
[2](24,1)
[2](24,1)
jacobian computation (not cached)
[1,2]((24,1))
[1,2]((24,1))
computation (not cached)
[1](97.5)
[1](97.5)
computation (not cached)
gradient computation (not cached)
[2](26,1)
[2](26,1)
jacobian computation (not cached)
[1,2]((26,1))
[1,2]((26,1))
computation (not cached)
[1](112)
[1](112)
computation (not cached)
gradient computation (not cached)
[2](28,1)
[2](28,1)
jacobian computation (not cached)
[1,2]((28,1))
[1,2]((28,1))
computation (not cached)
[1](127.5)
[1](127.5)
computation (not cached)
gradient computation (not cached)
[2](30,1)
[2](30,1)
jacobian computation (not cached)
[1,2]((30,1))
[1,2]((30,1))
computation (not cached)
[1](144)
[1](144)
computation (not cached)
gradient computation (not cached)
[2](32,1)
[2](32,1)
jacobian computation (not cached)
[1,2]((32,1))
[1,2]((32,1))
computation (not cached)
[1](161.5)
[1](161.5)
computation (not cached)
gradient computation (not cached)
[2](34,1)
[2](34,1)
jacobian computation (not cached)
[1,2]((34,1))
[1,2]((34,1))
computation (not cached)
[1](180)
[1](180)
computation (not cached)
gradient computation (not cached)
[2](36,1)
[2](36,1)
jacobian computation (not cached)
[1,2]((36,1))
[1,2]((36,1))
computation (not cached)
[1](199.5)
[1](199.5)
computation (not cached)
gradient computation (not cached)
[2](38,1)
[2](38,1)
jacobian computation (not cached)
[1,2]((38,1))
[1,2]((38,1))
