#Check gradient at x = -10
# Good
#[1](-20)
#[1](-20)
# Bad
#[1](-8)
#[1](-20)
# Circle
#[1](-0.839072)
#[1](-0.839072)
#[1](-0.544021)
#[1](-0.544021)
#Check gradient at x = -9
# Good
#[1](-18)
#[1](-18)
# Bad
#[1](-3)
#[1](-18)
# Circle
#[1](-0.91113)
#[1](-0.91113)
#[1](0.412118)
#[1](0.412119)
#Check gradient at x = -8
# Good
#[1](-16)
#[1](-16)
# Bad
#[1](2)
#[1](-16)
# Circle
#[1](-0.1455)
#[1](-0.1455)
#[1](0.989358)
#[1](0.989358)
#Check gradient at x = -7
# Good
#[1](-14)
#[1](-14)
# Bad
#[1](7)
#[1](-14)
# Circle
#[1](0.753902)
#[1](0.753902)
#[1](0.656987)
#[1](0.656987)
#Check gradient at x = -6
# Good
#[1](-12)
#[1](-12)
# Bad
#[1](12)
#[1](-12)
# Circle
#[1](0.96017)
#[1](0.96017)
#[1](-0.279415)
#[1](-0.279416)
#Check gradient at x = -5
# Good
#[1](-10)
#[1](-10)
# Bad
#[1](17)
#[1](-10)
# Circle
#[1](0.283662)
#[1](0.283662)
#[1](-0.958924)
#[1](-0.958924)
#Check gradient at x = -4
# Good
#[1](-8)
#[1](-8)
# Bad
#[1](22)
#[1](-8)
# Circle
#[1](-0.653644)
#[1](-0.653644)
#[1](-0.756802)
#[1](-0.756803)
#Check gradient at x = -3
# Good
#[1](-6)
#[1](-6)
# Bad
#[1](27)
#[1](-6)
# Circle
#[1](-0.989992)
#[1](-0.989993)
#[1](0.14112)
#[1](0.14112)
#Check gradient at x = -2
# Good
#[1](-4)
#[1](-4)
# Bad
#[1](32)
#[1](-4)
# Circle
#[1](-0.416147)
#[1](-0.416147)
#[1](0.909297)
#[1](0.909297)
#Check gradient at x = -1
# Good
#[1](-2)
#[1](-2)
# Bad
#[1](37)
#[1](-2)
# Circle
#[1](0.540302)
#[1](0.540302)
#[1](0.841471)
#[1](0.841471)
#Check gradient at x = 0
# Good
#[1](0)
#[1](0)
# Bad
#[1](42)
#[1](0)
# Circle
#[1](1)
#[1](1)
#[1](-0)
#[1](0)
#Check gradient at x = 1
# Good
#[1](2)
#[1](2)
# Bad
#[1](47)
#[1](2)
# Circle
#[1](0.540302)
#[1](0.540302)
#[1](-0.841471)
#[1](-0.841471)
#Check gradient at x = 2
# Good
#[1](4)
#[1](4)
# Bad
#[1](52)
#[1](4)
# Circle
#[1](-0.416147)
#[1](-0.416147)
#[1](-0.909297)
#[1](-0.909297)
#Check gradient at x = 3
# Good
#[1](6)
#[1](6)
# Bad
#[1](57)
#[1](6)
# Circle
#[1](-0.989992)
#[1](-0.989993)
#[1](-0.14112)
#[1](-0.14112)
#Check gradient at x = 4
# Good
#[1](8)
#[1](8)
# Bad
#[1](62)
#[1](8)
# Circle
#[1](-0.653644)
#[1](-0.653644)
#[1](0.756802)
#[1](0.756803)
#Check gradient at x = 5
# Good
#[1](10)
#[1](10)
# Bad
#[1](67)
#[1](10)
# Circle
#[1](0.283662)
#[1](0.283662)
#[1](0.958924)
#[1](0.958924)
#Check gradient at x = 6
# Good
#[1](12)
#[1](12)
# Bad
#[1](72)
#[1](12)
# Circle
#[1](0.96017)
#[1](0.96017)
#[1](0.279415)
#[1](0.279416)
#Check gradient at x = 7
# Good
#[1](14)
#[1](14)
# Bad
#[1](77)
#[1](14)
# Circle
#[1](0.753902)
#[1](0.753902)
#[1](-0.656987)
#[1](-0.656987)
#Check gradient at x = 8
# Good
#[1](16)
#[1](16)
# Bad
#[1](82)
#[1](16)
# Circle
#[1](-0.1455)
#[1](-0.1455)
#[1](-0.989358)
#[1](-0.989358)
#Check gradient at x = 9
# Good
#[1](18)
#[1](18)
# Bad
#[1](87)
#[1](18)
# Circle
#[1](-0.91113)
#[1](-0.91113)
#[1](-0.412118)
#[1](-0.412119)
# Times at x = [2](-10,-10)
#[2](-10,-10)
#[2](-10,-10)
# Times at x = [2](-9,-10)
#[2](-10,-9)
#[2](-10,-9)
# Times at x = [2](-8,-10)
#[2](-10,-8)
#[2](-10,-8)
# Times at x = [2](-7,-10)
#[2](-10,-7)
#[2](-10,-7)
# Times at x = [2](-6,-10)
#[2](-10,-6)
#[2](-10,-6)
# Times at x = [2](-5,-10)
#[2](-10,-5)
#[2](-10,-5)
# Times at x = [2](-4,-10)
#[2](-10,-4)
#[2](-10,-4)
# Times at x = [2](-3,-10)
#[2](-10,-3)
#[2](-10,-3)
# Times at x = [2](-2,-10)
#[2](-10,-2)
#[2](-10,-2)
# Times at x = [2](-1,-10)
#[2](-10,-1)
#[2](-10,-1)
# Times at x = [2](0,-10)
#[2](-10,0)
#[2](-10,0)
# Times at x = [2](1,-10)
#[2](-10,1)
#[2](-10,1)
# Times at x = [2](2,-10)
#[2](-10,2)
#[2](-10,2)
# Times at x = [2](3,-10)
#[2](-10,3)
#[2](-10,3)
# Times at x = [2](4,-10)
#[2](-10,4)
#[2](-10,4)
# Times at x = [2](5,-10)
#[2](-10,5)
#[2](-10,5)
# Times at x = [2](6,-10)
#[2](-10,6)
#[2](-10,6)
# Times at x = [2](7,-10)
#[2](-10,7)
#[2](-10,7)
# Times at x = [2](8,-10)
#[2](-10,8)
#[2](-10,8)
# Times at x = [2](9,-10)
#[2](-10,9)
#[2](-10,9)
# Times at x = [2](-10,-9)
#[2](-9,-10)
#[2](-9,-10)
# Times at x = [2](-9,-9)
#[2](-9,-9)
#[2](-9,-9)
# Times at x = [2](-8,-9)
#[2](-9,-8)
#[2](-9,-8)
# Times at x = [2](-7,-9)
#[2](-9,-7)
#[2](-9,-7)
# Times at x = [2](-6,-9)
#[2](-9,-6)
#[2](-9,-6)
# Times at x = [2](-5,-9)
#[2](-9,-5)
#[2](-9,-5)
# Times at x = [2](-4,-9)
#[2](-9,-4)
#[2](-9,-4)
# Times at x = [2](-3,-9)
#[2](-9,-3)
#[2](-9,-3)
# Times at x = [2](-2,-9)
#[2](-9,-2)
#[2](-9,-2)
# Times at x = [2](-1,-9)
#[2](-9,-1)
#[2](-9,-1)
# Times at x = [2](0,-9)
#[2](-9,0)
#[2](-9,0)
# Times at x = [2](1,-9)
#[2](-9,1)
#[2](-9,1)
# Times at x = [2](2,-9)
#[2](-9,2)
#[2](-9,2)
# Times at x = [2](3,-9)
#[2](-9,3)
#[2](-9,3)
# Times at x = [2](4,-9)
#[2](-9,4)
#[2](-9,4)
# Times at x = [2](5,-9)
#[2](-9,5)
#[2](-9,5)
# Times at x = [2](6,-9)
#[2](-9,6)
#[2](-9,6)
# Times at x = [2](7,-9)
#[2](-9,7)
#[2](-9,7)
# Times at x = [2](8,-9)
#[2](-9,8)
#[2](-9,8)
# Times at x = [2](9,-9)
#[2](-9,9)
#[2](-9,9)
# Times at x = [2](-10,-8)
#[2](-8,-10)
#[2](-8,-10)
# Times at x = [2](-9,-8)
#[2](-8,-9)
#[2](-8,-9)
# Times at x = [2](-8,-8)
#[2](-8,-8)
#[2](-8,-8)
# Times at x = [2](-7,-8)
#[2](-8,-7)
#[2](-8,-7)
# Times at x = [2](-6,-8)
#[2](-8,-6)
#[2](-8,-6)
# Times at x = [2](-5,-8)
#[2](-8,-5)
#[2](-8,-5)
# Times at x = [2](-4,-8)
#[2](-8,-4)
#[2](-8,-4)
# Times at x = [2](-3,-8)
#[2](-8,-3)
#[2](-8,-3)
# Times at x = [2](-2,-8)
#[2](-8,-2)
#[2](-8,-2)
# Times at x = [2](-1,-8)
#[2](-8,-1)
#[2](-8,-1)
# Times at x = [2](0,-8)
#[2](-8,0)
#[2](-8,0)
# Times at x = [2](1,-8)
#[2](-8,1)
#[2](-8,1)
# Times at x = [2](2,-8)
#[2](-8,2)
#[2](-8,2)
# Times at x = [2](3,-8)
#[2](-8,3)
#[2](-8,3)
# Times at x = [2](4,-8)
#[2](-8,4)
#[2](-8,4)
# Times at x = [2](5,-8)
#[2](-8,5)
#[2](-8,5)
# Times at x = [2](6,-8)
#[2](-8,6)
#[2](-8,6)
# Times at x = [2](7,-8)
#[2](-8,7)
#[2](-8,7)
# Times at x = [2](8,-8)
#[2](-8,8)
#[2](-8,8)
# Times at x = [2](9,-8)
#[2](-8,9)
#[2](-8,9)
# Times at x = [2](-10,-7)
#[2](-7,-10)
#[2](-7,-10)
# Times at x = [2](-9,-7)
#[2](-7,-9)
#[2](-7,-9)
# Times at x = [2](-8,-7)
#[2](-7,-8)
#[2](-7,-8)
# Times at x = [2](-7,-7)
#[2](-7,-7)
#[2](-7,-7)
# Times at x = [2](-6,-7)
#[2](-7,-6)
#[2](-7,-6)
# Times at x = [2](-5,-7)
#[2](-7,-5)
#[2](-7,-5)
# Times at x = [2](-4,-7)
#[2](-7,-4)
#[2](-7,-4)
# Times at x = [2](-3,-7)
#[2](-7,-3)
#[2](-7,-3)
# Times at x = [2](-2,-7)
#[2](-7,-2)
#[2](-7,-2)
# Times at x = [2](-1,-7)
#[2](-7,-1)
#[2](-7,-1)
# Times at x = [2](0,-7)
#[2](-7,0)
#[2](-7,0)
# Times at x = [2](1,-7)
#[2](-7,1)
#[2](-7,1)
# Times at x = [2](2,-7)
#[2](-7,2)
#[2](-7,2)
# Times at x = [2](3,-7)
#[2](-7,3)
#[2](-7,3)
# Times at x = [2](4,-7)
#[2](-7,4)
#[2](-7,4)
# Times at x = [2](5,-7)
#[2](-7,5)
#[2](-7,5)
# Times at x = [2](6,-7)
#[2](-7,6)
#[2](-7,6)
# Times at x = [2](7,-7)
#[2](-7,7)
#[2](-7,7)
# Times at x = [2](8,-7)
#[2](-7,8)
#[2](-7,8)
# Times at x = [2](9,-7)
#[2](-7,9)
#[2](-7,9)
# Times at x = [2](-10,-6)
#[2](-6,-10)
#[2](-6,-10)
# Times at x = [2](-9,-6)
#[2](-6,-9)
#[2](-6,-9)
# Times at x = [2](-8,-6)
#[2](-6,-8)
#[2](-6,-8)
# Times at x = [2](-7,-6)
#[2](-6,-7)
#[2](-6,-7)
# Times at x = [2](-6,-6)
#[2](-6,-6)
#[2](-6,-6)
# Times at x = [2](-5,-6)
#[2](-6,-5)
#[2](-6,-5)
# Times at x = [2](-4,-6)
#[2](-6,-4)
#[2](-6,-4)
# Times at x = [2](-3,-6)
#[2](-6,-3)
#[2](-6,-3)
# Times at x = [2](-2,-6)
#[2](-6,-2)
#[2](-6,-2)
# Times at x = [2](-1,-6)
#[2](-6,-1)
#[2](-6,-1)
# Times at x = [2](0,-6)
#[2](-6,0)
#[2](-6,0)
# Times at x = [2](1,-6)
#[2](-6,1)
#[2](-6,1)
# Times at x = [2](2,-6)
#[2](-6,2)
#[2](-6,2)
# Times at x = [2](3,-6)
#[2](-6,3)
#[2](-6,3)
# Times at x = [2](4,-6)
#[2](-6,4)
#[2](-6,4)
# Times at x = [2](5,-6)
#[2](-6,5)
#[2](-6,5)
# Times at x = [2](6,-6)
#[2](-6,6)
#[2](-6,6)
# Times at x = [2](7,-6)
#[2](-6,7)
#[2](-6,7)
# Times at x = [2](8,-6)
#[2](-6,8)
#[2](-6,8)
# Times at x = [2](9,-6)
#[2](-6,9)
#[2](-6,9)
# Times at x = [2](-10,-5)
#[2](-5,-10)
#[2](-5,-10)
# Times at x = [2](-9,-5)
#[2](-5,-9)
#[2](-5,-9)
# Times at x = [2](-8,-5)
#[2](-5,-8)
#[2](-5,-8)
# Times at x = [2](-7,-5)
#[2](-5,-7)
#[2](-5,-7)
# Times at x = [2](-6,-5)
#[2](-5,-6)
#[2](-5,-6)
# Times at x = [2](-5,-5)
#[2](-5,-5)
#[2](-5,-5)
# Times at x = [2](-4,-5)
#[2](-5,-4)
#[2](-5,-4)
# Times at x = [2](-3,-5)
#[2](-5,-3)
#[2](-5,-3)
# Times at x = [2](-2,-5)
#[2](-5,-2)
#[2](-5,-2)
# Times at x = [2](-1,-5)
#[2](-5,-1)
#[2](-5,-1)
# Times at x = [2](0,-5)
#[2](-5,0)
#[2](-5,0)
# Times at x = [2](1,-5)
#[2](-5,1)
#[2](-5,1)
# Times at x = [2](2,-5)
#[2](-5,2)
#[2](-5,2)
# Times at x = [2](3,-5)
#[2](-5,3)
#[2](-5,3)
# Times at x = [2](4,-5)
#[2](-5,4)
#[2](-5,4)
# Times at x = [2](5,-5)
#[2](-5,5)
#[2](-5,5)
# Times at x = [2](6,-5)
#[2](-5,6)
#[2](-5,6)
# Times at x = [2](7,-5)
#[2](-5,7)
#[2](-5,7)
# Times at x = [2](8,-5)
#[2](-5,8)
#[2](-5,8)
# Times at x = [2](9,-5)
#[2](-5,9)
#[2](-5,9)
# Times at x = [2](-10,-4)
#[2](-4,-10)
#[2](-4,-10)
# Times at x = [2](-9,-4)
#[2](-4,-9)
#[2](-4,-9)
# Times at x = [2](-8,-4)
#[2](-4,-8)
#[2](-4,-8)
# Times at x = [2](-7,-4)
#[2](-4,-7)
#[2](-4,-7)
# Times at x = [2](-6,-4)
#[2](-4,-6)
#[2](-4,-6)
# Times at x = [2](-5,-4)
#[2](-4,-5)
#[2](-4,-5)
# Times at x = [2](-4,-4)
#[2](-4,-4)
#[2](-4,-4)
# Times at x = [2](-3,-4)
#[2](-4,-3)
#[2](-4,-3)
# Times at x = [2](-2,-4)
#[2](-4,-2)
#[2](-4,-2)
# Times at x = [2](-1,-4)
#[2](-4,-1)
#[2](-4,-1)
# Times at x = [2](0,-4)
#[2](-4,0)
#[2](-4,0)
# Times at x = [2](1,-4)
#[2](-4,1)
#[2](-4,1)
# Times at x = [2](2,-4)
#[2](-4,2)
#[2](-4,2)
# Times at x = [2](3,-4)
#[2](-4,3)
#[2](-4,3)
# Times at x = [2](4,-4)
#[2](-4,4)
#[2](-4,4)
# Times at x = [2](5,-4)
#[2](-4,5)
#[2](-4,5)
# Times at x = [2](6,-4)
#[2](-4,6)
#[2](-4,6)
# Times at x = [2](7,-4)
#[2](-4,7)
#[2](-4,7)
# Times at x = [2](8,-4)
#[2](-4,8)
#[2](-4,8)
# Times at x = [2](9,-4)
#[2](-4,9)
#[2](-4,9)
# Times at x = [2](-10,-3)
#[2](-3,-10)
#[2](-3,-10)
# Times at x = [2](-9,-3)
#[2](-3,-9)
#[2](-3,-9)
# Times at x = [2](-8,-3)
#[2](-3,-8)
#[2](-3,-8)
# Times at x = [2](-7,-3)
#[2](-3,-7)
#[2](-3,-7)
# Times at x = [2](-6,-3)
#[2](-3,-6)
#[2](-3,-6)
# Times at x = [2](-5,-3)
#[2](-3,-5)
#[2](-3,-5)
# Times at x = [2](-4,-3)
#[2](-3,-4)
#[2](-3,-4)
# Times at x = [2](-3,-3)
#[2](-3,-3)
#[2](-3,-3)
# Times at x = [2](-2,-3)
#[2](-3,-2)
#[2](-3,-2)
# Times at x = [2](-1,-3)
#[2](-3,-1)
#[2](-3,-1)
# Times at x = [2](0,-3)
#[2](-3,0)
#[2](-3,0)
# Times at x = [2](1,-3)
#[2](-3,1)
#[2](-3,1)
# Times at x = [2](2,-3)
#[2](-3,2)
#[2](-3,2)
# Times at x = [2](3,-3)
#[2](-3,3)
#[2](-3,3)
# Times at x = [2](4,-3)
#[2](-3,4)
#[2](-3,4)
# Times at x = [2](5,-3)
#[2](-3,5)
#[2](-3,5)
# Times at x = [2](6,-3)
#[2](-3,6)
#[2](-3,6)
# Times at x = [2](7,-3)
#[2](-3,7)
#[2](-3,7)
# Times at x = [2](8,-3)
#[2](-3,8)
#[2](-3,8)
# Times at x = [2](9,-3)
#[2](-3,9)
#[2](-3,9)
# Times at x = [2](-10,-2)
#[2](-2,-10)
#[2](-2,-10)
# Times at x = [2](-9,-2)
#[2](-2,-9)
#[2](-2,-9)
# Times at x = [2](-8,-2)
#[2](-2,-8)
#[2](-2,-8)
# Times at x = [2](-7,-2)
#[2](-2,-7)
#[2](-2,-7)
# Times at x = [2](-6,-2)
#[2](-2,-6)
#[2](-2,-6)
# Times at x = [2](-5,-2)
#[2](-2,-5)
#[2](-2,-5)
# Times at x = [2](-4,-2)
#[2](-2,-4)
#[2](-2,-4)
# Times at x = [2](-3,-2)
#[2](-2,-3)
#[2](-2,-3)
# Times at x = [2](-2,-2)
#[2](-2,-2)
#[2](-2,-2)
# Times at x = [2](-1,-2)
#[2](-2,-1)
#[2](-2,-1)
# Times at x = [2](0,-2)
#[2](-2,0)
#[2](-2,0)
# Times at x = [2](1,-2)
#[2](-2,1)
#[2](-2,1)
# Times at x = [2](2,-2)
#[2](-2,2)
#[2](-2,2)
# Times at x = [2](3,-2)
#[2](-2,3)
#[2](-2,3)
# Times at x = [2](4,-2)
#[2](-2,4)
#[2](-2,4)
# Times at x = [2](5,-2)
#[2](-2,5)
#[2](-2,5)
# Times at x = [2](6,-2)
#[2](-2,6)
#[2](-2,6)
# Times at x = [2](7,-2)
#[2](-2,7)
#[2](-2,7)
# Times at x = [2](8,-2)
#[2](-2,8)
#[2](-2,8)
# Times at x = [2](9,-2)
#[2](-2,9)
#[2](-2,9)
# Times at x = [2](-10,-1)
#[2](-1,-10)
#[2](-1,-10)
# Times at x = [2](-9,-1)
#[2](-1,-9)
#[2](-1,-9)
# Times at x = [2](-8,-1)
#[2](-1,-8)
#[2](-1,-8)
# Times at x = [2](-7,-1)
#[2](-1,-7)
#[2](-1,-7)
# Times at x = [2](-6,-1)
#[2](-1,-6)
#[2](-1,-6)
# Times at x = [2](-5,-1)
#[2](-1,-5)
#[2](-1,-5)
# Times at x = [2](-4,-1)
#[2](-1,-4)
#[2](-1,-4)
# Times at x = [2](-3,-1)
#[2](-1,-3)
#[2](-1,-3)
# Times at x = [2](-2,-1)
#[2](-1,-2)
#[2](-1,-2)
# Times at x = [2](-1,-1)
#[2](-1,-1)
#[2](-1,-1)
# Times at x = [2](0,-1)
#[2](-1,0)
#[2](-1,0)
# Times at x = [2](1,-1)
#[2](-1,1)
#[2](-1,1)
# Times at x = [2](2,-1)
#[2](-1,2)
#[2](-1,2)
# Times at x = [2](3,-1)
#[2](-1,3)
#[2](-1,3)
# Times at x = [2](4,-1)
#[2](-1,4)
#[2](-1,4)
# Times at x = [2](5,-1)
#[2](-1,5)
#[2](-1,5)
# Times at x = [2](6,-1)
#[2](-1,6)
#[2](-1,6)
# Times at x = [2](7,-1)
#[2](-1,7)
#[2](-1,7)
# Times at x = [2](8,-1)
#[2](-1,8)
#[2](-1,8)
# Times at x = [2](9,-1)
#[2](-1,9)
#[2](-1,9)
# Times at x = [2](-10,0)
#[2](0,-10)
#[2](0,-10)
# Times at x = [2](-9,0)
#[2](0,-9)
#[2](0,-9)
# Times at x = [2](-8,0)
#[2](0,-8)
#[2](0,-8)
# Times at x = [2](-7,0)
#[2](0,-7)
#[2](0,-7)
# Times at x = [2](-6,0)
#[2](0,-6)
#[2](0,-6)
# Times at x = [2](-5,0)
#[2](0,-5)
#[2](0,-5)
# Times at x = [2](-4,0)
#[2](0,-4)
#[2](0,-4)
# Times at x = [2](-3,0)
#[2](0,-3)
#[2](0,-3)
# Times at x = [2](-2,0)
#[2](0,-2)
#[2](0,-2)
# Times at x = [2](-1,0)
#[2](0,-1)
#[2](0,-1)
# Times at x = [2](0,0)
#[2](0,0)
#[2](0,0)
# Times at x = [2](1,0)
#[2](0,1)
#[2](0,1)
# Times at x = [2](2,0)
#[2](0,2)
#[2](0,2)
# Times at x = [2](3,0)
#[2](0,3)
#[2](0,3)
# Times at x = [2](4,0)
#[2](0,4)
#[2](0,4)
# Times at x = [2](5,0)
#[2](0,5)
#[2](0,5)
# Times at x = [2](6,0)
#[2](0,6)
#[2](0,6)
# Times at x = [2](7,0)
#[2](0,7)
#[2](0,7)
# Times at x = [2](8,0)
#[2](0,8)
#[2](0,8)
# Times at x = [2](9,0)
#[2](0,9)
#[2](0,9)
# Times at x = [2](-10,1)
#[2](1,-10)
#[2](1,-10)
# Times at x = [2](-9,1)
#[2](1,-9)
#[2](1,-9)
# Times at x = [2](-8,1)
#[2](1,-8)
#[2](1,-8)
# Times at x = [2](-7,1)
#[2](1,-7)
#[2](1,-7)
# Times at x = [2](-6,1)
#[2](1,-6)
#[2](1,-6)
# Times at x = [2](-5,1)
#[2](1,-5)
#[2](1,-5)
# Times at x = [2](-4,1)
#[2](1,-4)
#[2](1,-4)
# Times at x = [2](-3,1)
#[2](1,-3)
#[2](1,-3)
# Times at x = [2](-2,1)
#[2](1,-2)
#[2](1,-2)
# Times at x = [2](-1,1)
#[2](1,-1)
#[2](1,-1)
# Times at x = [2](0,1)
#[2](1,0)
#[2](1,0)
# Times at x = [2](1,1)
#[2](1,1)
#[2](1,1)
# Times at x = [2](2,1)
#[2](1,2)
#[2](1,2)
# Times at x = [2](3,1)
#[2](1,3)
#[2](1,3)
# Times at x = [2](4,1)
#[2](1,4)
#[2](1,4)
# Times at x = [2](5,1)
#[2](1,5)
#[2](1,5)
# Times at x = [2](6,1)
#[2](1,6)
#[2](1,6)
# Times at x = [2](7,1)
#[2](1,7)
#[2](1,7)
# Times at x = [2](8,1)
#[2](1,8)
#[2](1,8)
# Times at x = [2](9,1)
#[2](1,9)
#[2](1,9)
# Times at x = [2](-10,2)
#[2](2,-10)
#[2](2,-10)
# Times at x = [2](-9,2)
#[2](2,-9)
#[2](2,-9)
# Times at x = [2](-8,2)
#[2](2,-8)
#[2](2,-8)
# Times at x = [2](-7,2)
#[2](2,-7)
#[2](2,-7)
# Times at x = [2](-6,2)
#[2](2,-6)
#[2](2,-6)
# Times at x = [2](-5,2)
#[2](2,-5)
#[2](2,-5)
# Times at x = [2](-4,2)
#[2](2,-4)
#[2](2,-4)
# Times at x = [2](-3,2)
#[2](2,-3)
#[2](2,-3)
# Times at x = [2](-2,2)
#[2](2,-2)
#[2](2,-2)
# Times at x = [2](-1,2)
#[2](2,-1)
#[2](2,-1)
# Times at x = [2](0,2)
#[2](2,0)
#[2](2,0)
# Times at x = [2](1,2)
#[2](2,1)
#[2](2,1)
# Times at x = [2](2,2)
#[2](2,2)
#[2](2,2)
# Times at x = [2](3,2)
#[2](2,3)
#[2](2,3)
# Times at x = [2](4,2)
#[2](2,4)
#[2](2,4)
# Times at x = [2](5,2)
#[2](2,5)
#[2](2,5)
# Times at x = [2](6,2)
#[2](2,6)
#[2](2,6)
# Times at x = [2](7,2)
#[2](2,7)
#[2](2,7)
# Times at x = [2](8,2)
#[2](2,8)
#[2](2,8)
# Times at x = [2](9,2)
#[2](2,9)
#[2](2,9)
# Times at x = [2](-10,3)
#[2](3,-10)
#[2](3,-10)
# Times at x = [2](-9,3)
#[2](3,-9)
#[2](3,-9)
# Times at x = [2](-8,3)
#[2](3,-8)
#[2](3,-8)
# Times at x = [2](-7,3)
#[2](3,-7)
#[2](3,-7)
# Times at x = [2](-6,3)
#[2](3,-6)
#[2](3,-6)
# Times at x = [2](-5,3)
#[2](3,-5)
#[2](3,-5)
# Times at x = [2](-4,3)
#[2](3,-4)
#[2](3,-4)
# Times at x = [2](-3,3)
#[2](3,-3)
#[2](3,-3)
# Times at x = [2](-2,3)
#[2](3,-2)
#[2](3,-2)
# Times at x = [2](-1,3)
#[2](3,-1)
#[2](3,-1)
# Times at x = [2](0,3)
#[2](3,0)
#[2](3,0)
# Times at x = [2](1,3)
#[2](3,1)
#[2](3,1)
# Times at x = [2](2,3)
#[2](3,2)
#[2](3,2)
# Times at x = [2](3,3)
#[2](3,3)
#[2](3,3)
# Times at x = [2](4,3)
#[2](3,4)
#[2](3,4)
# Times at x = [2](5,3)
#[2](3,5)
#[2](3,5)
# Times at x = [2](6,3)
#[2](3,6)
#[2](3,6)
# Times at x = [2](7,3)
#[2](3,7)
#[2](3,7)
# Times at x = [2](8,3)
#[2](3,8)
#[2](3,8)
# Times at x = [2](9,3)
#[2](3,9)
#[2](3,9)
# Times at x = [2](-10,4)
#[2](4,-10)
#[2](4,-10)
# Times at x = [2](-9,4)
#[2](4,-9)
#[2](4,-9)
# Times at x = [2](-8,4)
#[2](4,-8)
#[2](4,-8)
# Times at x = [2](-7,4)
#[2](4,-7)
#[2](4,-7)
# Times at x = [2](-6,4)
#[2](4,-6)
#[2](4,-6)
# Times at x = [2](-5,4)
#[2](4,-5)
#[2](4,-5)
# Times at x = [2](-4,4)
#[2](4,-4)
#[2](4,-4)
# Times at x = [2](-3,4)
#[2](4,-3)
#[2](4,-3)
# Times at x = [2](-2,4)
#[2](4,-2)
#[2](4,-2)
# Times at x = [2](-1,4)
#[2](4,-1)
#[2](4,-1)
# Times at x = [2](0,4)
#[2](4,0)
#[2](4,0)
# Times at x = [2](1,4)
#[2](4,1)
#[2](4,1)
# Times at x = [2](2,4)
#[2](4,2)
#[2](4,2)
# Times at x = [2](3,4)
#[2](4,3)
#[2](4,3)
# Times at x = [2](4,4)
#[2](4,4)
#[2](4,4)
# Times at x = [2](5,4)
#[2](4,5)
#[2](4,5)
# Times at x = [2](6,4)
#[2](4,6)
#[2](4,6)
# Times at x = [2](7,4)
#[2](4,7)
#[2](4,7)
# Times at x = [2](8,4)
#[2](4,8)
#[2](4,8)
# Times at x = [2](9,4)
#[2](4,9)
#[2](4,9)
# Times at x = [2](-10,5)
#[2](5,-10)
#[2](5,-10)
# Times at x = [2](-9,5)
#[2](5,-9)
#[2](5,-9)
# Times at x = [2](-8,5)
#[2](5,-8)
#[2](5,-8)
# Times at x = [2](-7,5)
#[2](5,-7)
#[2](5,-7)
# Times at x = [2](-6,5)
#[2](5,-6)
#[2](5,-6)
# Times at x = [2](-5,5)
#[2](5,-5)
#[2](5,-5)
# Times at x = [2](-4,5)
#[2](5,-4)
#[2](5,-4)
# Times at x = [2](-3,5)
#[2](5,-3)
#[2](5,-3)
# Times at x = [2](-2,5)
#[2](5,-2)
#[2](5,-2)
# Times at x = [2](-1,5)
#[2](5,-1)
#[2](5,-1)
# Times at x = [2](0,5)
#[2](5,0)
#[2](5,0)
# Times at x = [2](1,5)
#[2](5,1)
#[2](5,1)
# Times at x = [2](2,5)
#[2](5,2)
#[2](5,2)
# Times at x = [2](3,5)
#[2](5,3)
#[2](5,3)
# Times at x = [2](4,5)
#[2](5,4)
#[2](5,4)
# Times at x = [2](5,5)
#[2](5,5)
#[2](5,5)
# Times at x = [2](6,5)
#[2](5,6)
#[2](5,6)
# Times at x = [2](7,5)
#[2](5,7)
#[2](5,7)
# Times at x = [2](8,5)
#[2](5,8)
#[2](5,8)
# Times at x = [2](9,5)
#[2](5,9)
#[2](5,9)
# Times at x = [2](-10,6)
#[2](6,-10)
#[2](6,-10)
# Times at x = [2](-9,6)
#[2](6,-9)
#[2](6,-9)
# Times at x = [2](-8,6)
#[2](6,-8)
#[2](6,-8)
# Times at x = [2](-7,6)
#[2](6,-7)
#[2](6,-7)
# Times at x = [2](-6,6)
#[2](6,-6)
#[2](6,-6)
# Times at x = [2](-5,6)
#[2](6,-5)
#[2](6,-5)
# Times at x = [2](-4,6)
#[2](6,-4)
#[2](6,-4)
# Times at x = [2](-3,6)
#[2](6,-3)
#[2](6,-3)
# Times at x = [2](-2,6)
#[2](6,-2)
#[2](6,-2)
# Times at x = [2](-1,6)
#[2](6,-1)
#[2](6,-1)
# Times at x = [2](0,6)
#[2](6,0)
#[2](6,0)
# Times at x = [2](1,6)
#[2](6,1)
#[2](6,1)
# Times at x = [2](2,6)
#[2](6,2)
#[2](6,2)
# Times at x = [2](3,6)
#[2](6,3)
#[2](6,3)
# Times at x = [2](4,6)
#[2](6,4)
#[2](6,4)
# Times at x = [2](5,6)
#[2](6,5)
#[2](6,5)
# Times at x = [2](6,6)
#[2](6,6)
#[2](6,6)
# Times at x = [2](7,6)
#[2](6,7)
#[2](6,7)
# Times at x = [2](8,6)
#[2](6,8)
#[2](6,8)
# Times at x = [2](9,6)
#[2](6,9)
#[2](6,9)
# Times at x = [2](-10,7)
#[2](7,-10)
#[2](7,-10)
# Times at x = [2](-9,7)
#[2](7,-9)
#[2](7,-9)
# Times at x = [2](-8,7)
#[2](7,-8)
#[2](7,-8)
# Times at x = [2](-7,7)
#[2](7,-7)
#[2](7,-7)
# Times at x = [2](-6,7)
#[2](7,-6)
#[2](7,-6)
# Times at x = [2](-5,7)
#[2](7,-5)
#[2](7,-5)
# Times at x = [2](-4,7)
#[2](7,-4)
#[2](7,-4)
# Times at x = [2](-3,7)
#[2](7,-3)
#[2](7,-3)
# Times at x = [2](-2,7)
#[2](7,-2)
#[2](7,-2)
# Times at x = [2](-1,7)
#[2](7,-1)
#[2](7,-1)
# Times at x = [2](0,7)
#[2](7,0)
#[2](7,0)
# Times at x = [2](1,7)
#[2](7,1)
#[2](7,1)
# Times at x = [2](2,7)
#[2](7,2)
#[2](7,2)
# Times at x = [2](3,7)
#[2](7,3)
#[2](7,3)
# Times at x = [2](4,7)
#[2](7,4)
#[2](7,4)
# Times at x = [2](5,7)
#[2](7,5)
#[2](7,5)
# Times at x = [2](6,7)
#[2](7,6)
#[2](7,6)
# Times at x = [2](7,7)
#[2](7,7)
#[2](7,7)
# Times at x = [2](8,7)
#[2](7,8)
#[2](7,8)
# Times at x = [2](9,7)
#[2](7,9)
#[2](7,9)
# Times at x = [2](-10,8)
#[2](8,-10)
#[2](8,-10)
# Times at x = [2](-9,8)
#[2](8,-9)
#[2](8,-9)
# Times at x = [2](-8,8)
#[2](8,-8)
#[2](8,-8)
# Times at x = [2](-7,8)
#[2](8,-7)
#[2](8,-7)
# Times at x = [2](-6,8)
#[2](8,-6)
#[2](8,-6)
# Times at x = [2](-5,8)
#[2](8,-5)
#[2](8,-5)
# Times at x = [2](-4,8)
#[2](8,-4)
#[2](8,-4)
# Times at x = [2](-3,8)
#[2](8,-3)
#[2](8,-3)
# Times at x = [2](-2,8)
#[2](8,-2)
#[2](8,-2)
# Times at x = [2](-1,8)
#[2](8,-1)
#[2](8,-1)
# Times at x = [2](0,8)
#[2](8,0)
#[2](8,0)
# Times at x = [2](1,8)
#[2](8,1)
#[2](8,1)
# Times at x = [2](2,8)
#[2](8,2)
#[2](8,2)
# Times at x = [2](3,8)
#[2](8,3)
#[2](8,3)
# Times at x = [2](4,8)
#[2](8,4)
#[2](8,4)
# Times at x = [2](5,8)
#[2](8,5)
#[2](8,5)
# Times at x = [2](6,8)
#[2](8,6)
#[2](8,6)
# Times at x = [2](7,8)
#[2](8,7)
#[2](8,7)
# Times at x = [2](8,8)
#[2](8,8)
#[2](8,8)
# Times at x = [2](9,8)
#[2](8,9)
#[2](8,9)
# Times at x = [2](-10,9)
#[2](9,-10)
#[2](9,-10)
# Times at x = [2](-9,9)
#[2](9,-9)
#[2](9,-9)
# Times at x = [2](-8,9)
#[2](9,-8)
#[2](9,-8)
# Times at x = [2](-7,9)
#[2](9,-7)
#[2](9,-7)
# Times at x = [2](-6,9)
#[2](9,-6)
#[2](9,-6)
# Times at x = [2](-5,9)
#[2](9,-5)
#[2](9,-5)
# Times at x = [2](-4,9)
#[2](9,-4)
#[2](9,-4)
# Times at x = [2](-3,9)
#[2](9,-3)
#[2](9,-3)
# Times at x = [2](-2,9)
#[2](9,-2)
#[2](9,-2)
# Times at x = [2](-1,9)
#[2](9,-1)
#[2](9,-1)
# Times at x = [2](0,9)
#[2](9,0)
#[2](9,0)
# Times at x = [2](1,9)
#[2](9,1)
#[2](9,1)
# Times at x = [2](2,9)
#[2](9,2)
#[2](9,2)
# Times at x = [2](3,9)
#[2](9,3)
#[2](9,3)
# Times at x = [2](4,9)
#[2](9,4)
#[2](9,4)
# Times at x = [2](5,9)
#[2](9,5)
#[2](9,5)
# Times at x = [2](6,9)
#[2](9,6)
#[2](9,6)
# Times at x = [2](7,9)
#[2](9,7)
#[2](9,7)
# Times at x = [2](8,9)
#[2](9,8)
#[2](9,8)
# Times at x = [2](9,9)
#[2](9,9)
#[2](9,9)
#!/usr/bin/gnuplot
set terminal wxt persist
set multiplot layout 2,2
plot '-' title 'x * x' with line
-100.00 10000.00
-99.00 9801.00
-98.00 9604.00
-97.00 9409.00
-96.00 9216.00
-95.00 9025.00
-94.00 8836.00
-93.00 8649.00
-92.00 8464.00
-91.00 8281.00
-90.00 8100.00
-89.00 7921.00
-88.00 7744.00
-87.00 7569.00
-86.00 7396.00
-85.00 7225.00
-84.00 7056.00
-83.00 6889.00
-82.00 6724.00
-81.00 6561.00
-80.00 6400.00
-79.00 6241.00
-78.00 6084.00
-77.00 5929.00
-76.00 5776.00
-75.00 5625.00
-74.00 5476.00
-73.00 5329.00
-72.00 5184.00
-71.00 5041.00
-70.00 4900.00
-69.00 4761.00
-68.00 4624.00
-67.00 4489.00
-66.00 4356.00
-65.00 4225.00
-64.00 4096.00
-63.00 3969.00
-62.00 3844.00
-61.00 3721.00
-60.00 3600.00
-59.00 3481.00
-58.00 3364.00
-57.00 3249.00
-56.00 3136.00
-55.00 3025.00
-54.00 2916.00
-53.00 2809.00
-52.00 2704.00
-51.00 2601.00
-50.00 2500.00
-49.00 2401.00
-48.00 2304.00
-47.00 2209.00
-46.00 2116.00
-45.00 2025.00
-44.00 1936.00
-43.00 1849.00
-42.00 1764.00
-41.00 1681.00
-40.00 1600.00
-39.00 1521.00
-38.00 1444.00
-37.00 1369.00
-36.00 1296.00
-35.00 1225.00
-34.00 1156.00
-33.00 1089.00
-32.00 1024.00
-31.00 961.00
-30.00 900.00
-29.00 841.00
-28.00 784.00
-27.00 729.00
-26.00 676.00
-25.00 625.00
-24.00 576.00
-23.00 529.00
-22.00 484.00
-21.00 441.00
-20.00 400.00
-19.00 361.00
-18.00 324.00
-17.00 289.00
-16.00 256.00
-15.00 225.00
-14.00 196.00
-13.00 169.00
-12.00 144.00
-11.00 121.00
-10.00 100.00
-9.00 81.00
-8.00 64.00
-7.00 49.00
-6.00 36.00
-5.00 25.00
-4.00 16.00
-3.00 9.00
-2.00 4.00
-1.00 1.00
0.00 0.00
1.00 1.00
2.00 4.00
3.00 9.00
4.00 16.00
5.00 25.00
6.00 36.00
7.00 49.00
8.00 64.00
9.00 81.00
10.00 100.00
11.00 121.00
12.00 144.00
13.00 169.00
14.00 196.00
15.00 225.00
16.00 256.00
17.00 289.00
18.00 324.00
19.00 361.00
20.00 400.00
21.00 441.00
22.00 484.00
23.00 529.00
24.00 576.00
25.00 625.00
26.00 676.00
27.00 729.00
28.00 784.00
29.00 841.00
30.00 900.00
31.00 961.00
32.00 1024.00
33.00 1089.00
34.00 1156.00
35.00 1225.00
36.00 1296.00
37.00 1369.00
38.00 1444.00
39.00 1521.00
40.00 1600.00
41.00 1681.00
42.00 1764.00
43.00 1849.00
44.00 1936.00
45.00 2025.00
46.00 2116.00
47.00 2209.00
48.00 2304.00
49.00 2401.00
50.00 2500.00
51.00 2601.00
52.00 2704.00
53.00 2809.00
54.00 2916.00
55.00 3025.00
56.00 3136.00
57.00 3249.00
58.00 3364.00
59.00 3481.00
60.00 3600.00
61.00 3721.00
62.00 3844.00
63.00 3969.00
64.00 4096.00
65.00 4225.00
66.00 4356.00
67.00 4489.00
68.00 4624.00
69.00 4761.00
70.00 4900.00
71.00 5041.00
72.00 5184.00
73.00 5329.00
74.00 5476.00
75.00 5625.00
76.00 5776.00
77.00 5929.00
78.00 6084.00
79.00 6241.00
80.00 6400.00
81.00 6561.00
82.00 6724.00
83.00 6889.00
84.00 7056.00
85.00 7225.00
86.00 7396.00
87.00 7569.00
88.00 7744.00
89.00 7921.00
90.00 8100.00
91.00 8281.00
92.00 8464.00
93.00 8649.00
94.00 8836.00
95.00 9025.00
96.00 9216.00
97.00 9409.00
98.00 9604.00
99.00 9801.00
e

plot '-' title '' with line
-100.00 10000.00
-99.00 9801.00
-98.00 9604.00
-97.00 9409.00
-96.00 9216.00
-95.00 9025.00
-94.00 8836.00
-93.00 8649.00
-92.00 8464.00
-91.00 8281.00
-90.00 8100.00
-89.00 7921.00
-88.00 7744.00
-87.00 7569.00
-86.00 7396.00
-85.00 7225.00
-84.00 7056.00
-83.00 6889.00
-82.00 6724.00
-81.00 6561.00
-80.00 6400.00
-79.00 6241.00
-78.00 6084.00
-77.00 5929.00
-76.00 5776.00
-75.00 5625.00
-74.00 5476.00
-73.00 5329.00
-72.00 5184.00
-71.00 5041.00
-70.00 4900.00
-69.00 4761.00
-68.00 4624.00
-67.00 4489.00
-66.00 4356.00
-65.00 4225.00
-64.00 4096.00
-63.00 3969.00
-62.00 3844.00
-61.00 3721.00
-60.00 3600.00
-59.00 3481.00
-58.00 3364.00
-57.00 3249.00
-56.00 3136.00
-55.00 3025.00
-54.00 2916.00
-53.00 2809.00
-52.00 2704.00
-51.00 2601.00
-50.00 2500.00
-49.00 2401.00
-48.00 2304.00
-47.00 2209.00
-46.00 2116.00
-45.00 2025.00
-44.00 1936.00
-43.00 1849.00
-42.00 1764.00
-41.00 1681.00
-40.00 1600.00
-39.00 1521.00
-38.00 1444.00
-37.00 1369.00
-36.00 1296.00
-35.00 1225.00
-34.00 1156.00
-33.00 1089.00
-32.00 1024.00
-31.00 961.00
-30.00 900.00
-29.00 841.00
-28.00 784.00
-27.00 729.00
-26.00 676.00
-25.00 625.00
-24.00 576.00
-23.00 529.00
-22.00 484.00
-21.00 441.00
-20.00 400.00
-19.00 361.00
-18.00 324.00
-17.00 289.00
-16.00 256.00
-15.00 225.00
-14.00 196.00
-13.00 169.00
-12.00 144.00
-11.00 121.00
-10.00 100.00
-9.00 81.00
-8.00 64.00
-7.00 49.00
-6.00 36.00
-5.00 25.00
-4.00 16.00
-3.00 9.00
-2.00 4.00
-1.00 1.00
0.00 0.00
1.00 1.00
2.00 4.00
3.00 9.00
4.00 16.00
5.00 25.00
6.00 36.00
7.00 49.00
8.00 64.00
9.00 81.00
10.00 100.00
11.00 121.00
12.00 144.00
13.00 169.00
14.00 196.00
15.00 225.00
16.00 256.00
17.00 289.00
18.00 324.00
19.00 361.00
20.00 400.00
21.00 441.00
22.00 484.00
23.00 529.00
24.00 576.00
25.00 625.00
26.00 676.00
27.00 729.00
28.00 784.00
29.00 841.00
30.00 900.00
31.00 961.00
32.00 1024.00
33.00 1089.00
34.00 1156.00
35.00 1225.00
36.00 1296.00
37.00 1369.00
38.00 1444.00
39.00 1521.00
40.00 1600.00
41.00 1681.00
42.00 1764.00
43.00 1849.00
44.00 1936.00
45.00 2025.00
46.00 2116.00
47.00 2209.00
48.00 2304.00
49.00 2401.00
50.00 2500.00
51.00 2601.00
52.00 2704.00
53.00 2809.00
54.00 2916.00
55.00 3025.00
56.00 3136.00
57.00 3249.00
58.00 3364.00
59.00 3481.00
60.00 3600.00
61.00 3721.00
62.00 3844.00
63.00 3969.00
64.00 4096.00
65.00 4225.00
66.00 4356.00
67.00 4489.00
68.00 4624.00
69.00 4761.00
70.00 4900.00
71.00 5041.00
72.00 5184.00
73.00 5329.00
74.00 5476.00
75.00 5625.00
76.00 5776.00
77.00 5929.00
78.00 6084.00
79.00 6241.00
80.00 6400.00
81.00 6561.00
82.00 6724.00
83.00 6889.00
84.00 7056.00
85.00 7225.00
86.00 7396.00
87.00 7569.00
88.00 7744.00
89.00 7921.00
90.00 8100.00
91.00 8281.00
92.00 8464.00
93.00 8649.00
94.00 8836.00
95.00 9025.00
96.00 9216.00
97.00 9409.00
98.00 9604.00
99.00 9801.00
e

plot '-' title '' with line
-100.00 -243295.00
-99.00 -238486.00
-98.00 -233725.00
-97.00 -229012.00
-96.00 -224347.00
-95.00 -219730.00
-94.00 -215161.00
-93.00 -210640.00
-92.00 -206167.00
-91.00 -201742.00
-90.00 -197365.00
-89.00 -193036.00
-88.00 -188755.00
-87.00 -184522.00
-86.00 -180337.00
-85.00 -176200.00
-84.00 -172111.00
-83.00 -168070.00
-82.00 -164077.00
-81.00 -160132.00
-80.00 -156235.00
-79.00 -152386.00
-78.00 -148585.00
-77.00 -144832.00
-76.00 -141127.00
-75.00 -137470.00
-74.00 -133861.00
-73.00 -130300.00
-72.00 -126787.00
-71.00 -123322.00
-70.00 -119905.00
-69.00 -116536.00
-68.00 -113215.00
-67.00 -109942.00
-66.00 -106717.00
-65.00 -103540.00
-64.00 -100411.00
-63.00 -97330.00
-62.00 -94297.00
-61.00 -91312.00
-60.00 -88375.00
-59.00 -85486.00
-58.00 -82645.00
-57.00 -79852.00
-56.00 -77107.00
-55.00 -74410.00
-54.00 -71761.00
-53.00 -69160.00
-52.00 -66607.00
-51.00 -64102.00
-50.00 -61645.00
-49.00 -59236.00
-48.00 -56875.00
-47.00 -54562.00
-46.00 -52297.00
-45.00 -50080.00
-44.00 -47911.00
-43.00 -45790.00
-42.00 -43717.00
-41.00 -41692.00
-40.00 -39715.00
-39.00 -37786.00
-38.00 -35905.00
-37.00 -34072.00
-36.00 -32287.00
-35.00 -30550.00
-34.00 -28861.00
-33.00 -27220.00
-32.00 -25627.00
-31.00 -24082.00
-30.00 -22585.00
-29.00 -21136.00
-28.00 -19735.00
-27.00 -18382.00
-26.00 -17077.00
-25.00 -15820.00
-24.00 -14611.00
-23.00 -13450.00
-22.00 -12337.00
-21.00 -11272.00
-20.00 -10255.00
-19.00 -9286.00
-18.00 -8365.00
-17.00 -7492.00
-16.00 -6667.00
-15.00 -5890.00
-14.00 -5161.00
-13.00 -4480.00
-12.00 -3847.00
-11.00 -3262.00
-10.00 -2725.00
-9.00 -2236.00
-8.00 -1795.00
-7.00 -1402.00
-6.00 -1057.00
-5.00 -760.00
-4.00 -511.00
-3.00 -310.00
-2.00 -157.00
-1.00 -52.00
0.00 5.00
1.00 14.00
2.00 -25.00
3.00 -112.00
4.00 -247.00
5.00 -430.00
6.00 -661.00
7.00 -940.00
8.00 -1267.00
9.00 -1642.00
10.00 -2065.00
11.00 -2536.00
12.00 -3055.00
13.00 -3622.00
14.00 -4237.00
15.00 -4900.00
16.00 -5611.00
17.00 -6370.00
18.00 -7177.00
19.00 -8032.00
20.00 -8935.00
21.00 -9886.00
22.00 -10885.00
23.00 -11932.00
24.00 -13027.00
25.00 -14170.00
26.00 -15361.00
27.00 -16600.00
28.00 -17887.00
29.00 -19222.00
30.00 -20605.00
31.00 -22036.00
32.00 -23515.00
33.00 -25042.00
34.00 -26617.00
35.00 -28240.00
36.00 -29911.00
37.00 -31630.00
38.00 -33397.00
39.00 -35212.00
40.00 -37075.00
41.00 -38986.00
42.00 -40945.00
43.00 -42952.00
44.00 -45007.00
45.00 -47110.00
46.00 -49261.00
47.00 -51460.00
48.00 -53707.00
49.00 -56002.00
50.00 -58345.00
51.00 -60736.00
52.00 -63175.00
53.00 -65662.00
54.00 -68197.00
55.00 -70780.00
56.00 -73411.00
57.00 -76090.00
58.00 -78817.00
59.00 -81592.00
60.00 -84415.00
61.00 -87286.00
62.00 -90205.00
63.00 -93172.00
64.00 -96187.00
65.00 -99250.00
66.00 -102361.00
67.00 -105520.00
68.00 -108727.00
69.00 -111982.00
70.00 -115285.00
71.00 -118636.00
72.00 -122035.00
73.00 -125482.00
74.00 -128977.00
75.00 -132520.00
76.00 -136111.00
77.00 -139750.00
78.00 -143437.00
79.00 -147172.00
80.00 -150955.00
81.00 -154786.00
82.00 -158665.00
83.00 -162592.00
84.00 -166567.00
85.00 -170590.00
86.00 -174661.00
87.00 -178780.00
88.00 -182947.00
89.00 -187162.00
90.00 -191425.00
91.00 -195736.00
92.00 -200095.00
93.00 -204502.00
94.00 -208957.00
95.00 -213460.00
96.00 -218011.00
97.00 -222610.00
98.00 -227257.00
99.00 -231952.00
e

plot '-' title '' with line
-100.00 -243295.00
-99.00 -238486.00
-98.00 -233725.00
-97.00 -229012.00
-96.00 -224347.00
-95.00 -219730.00
-94.00 -215161.00
-93.00 -210640.00
-92.00 -206167.00
-91.00 -201742.00
-90.00 -197365.00
-89.00 -193036.00
-88.00 -188755.00
-87.00 -184522.00
-86.00 -180337.00
-85.00 -176200.00
-84.00 -172111.00
-83.00 -168070.00
-82.00 -164077.00
-81.00 -160132.00
-80.00 -156235.00
-79.00 -152386.00
-78.00 -148585.00
-77.00 -144832.00
-76.00 -141127.00
-75.00 -137470.00
-74.00 -133861.00
-73.00 -130300.00
-72.00 -126787.00
-71.00 -123322.00
-70.00 -119905.00
-69.00 -116536.00
-68.00 -113215.00
-67.00 -109942.00
-66.00 -106717.00
-65.00 -103540.00
-64.00 -100411.00
-63.00 -97330.00
-62.00 -94297.00
-61.00 -91312.00
-60.00 -88375.00
-59.00 -85486.00
-58.00 -82645.00
-57.00 -79852.00
-56.00 -77107.00
-55.00 -74410.00
-54.00 -71761.00
-53.00 -69160.00
-52.00 -66607.00
-51.00 -64102.00
-50.00 -61645.00
-49.00 -59236.00
-48.00 -56875.00
-47.00 -54562.00
-46.00 -52297.00
-45.00 -50080.00
-44.00 -47911.00
-43.00 -45790.00
-42.00 -43717.00
-41.00 -41692.00
-40.00 -39715.00
-39.00 -37786.00
-38.00 -35905.00
-37.00 -34072.00
-36.00 -32287.00
-35.00 -30550.00
-34.00 -28861.00
-33.00 -27220.00
-32.00 -25627.00
-31.00 -24082.00
-30.00 -22585.00
-29.00 -21136.00
-28.00 -19735.00
-27.00 -18382.00
-26.00 -17077.00
-25.00 -15820.00
-24.00 -14611.00
-23.00 -13450.00
-22.00 -12337.00
-21.00 -11272.00
-20.00 -10255.00
-19.00 -9286.00
-18.00 -8365.00
-17.00 -7492.00
-16.00 -6667.00
-15.00 -5890.00
-14.00 -5161.00
-13.00 -4480.00
-12.00 -3847.00
-11.00 -3262.00
-10.00 -2725.00
-9.00 -2236.00
-8.00 -1795.00
-7.00 -1402.00
-6.00 -1057.00
-5.00 -760.00
-4.00 -511.00
-3.00 -310.00
-2.00 -157.00
-1.00 -52.00
0.00 5.00
1.00 14.00
2.00 -25.00
3.00 -112.00
4.00 -247.00
5.00 -430.00
6.00 -661.00
7.00 -940.00
8.00 -1267.00
9.00 -1642.00
10.00 -2065.00
11.00 -2536.00
12.00 -3055.00
13.00 -3622.00
14.00 -4237.00
15.00 -4900.00
16.00 -5611.00
17.00 -6370.00
18.00 -7177.00
19.00 -8032.00
20.00 -8935.00
21.00 -9886.00
22.00 -10885.00
23.00 -11932.00
24.00 -13027.00
25.00 -14170.00
26.00 -15361.00
27.00 -16600.00
28.00 -17887.00
29.00 -19222.00
30.00 -20605.00
31.00 -22036.00
32.00 -23515.00
33.00 -25042.00
34.00 -26617.00
35.00 -28240.00
36.00 -29911.00
37.00 -31630.00
38.00 -33397.00
39.00 -35212.00
40.00 -37075.00
41.00 -38986.00
42.00 -40945.00
43.00 -42952.00
44.00 -45007.00
45.00 -47110.00
46.00 -49261.00
47.00 -51460.00
48.00 -53707.00
49.00 -56002.00
50.00 -58345.00
51.00 -60736.00
52.00 -63175.00
53.00 -65662.00
54.00 -68197.00
55.00 -70780.00
56.00 -73411.00
57.00 -76090.00
58.00 -78817.00
59.00 -81592.00
60.00 -84415.00
61.00 -87286.00
62.00 -90205.00
63.00 -93172.00
64.00 -96187.00
65.00 -99250.00
66.00 -102361.00
67.00 -105520.00
68.00 -108727.00
69.00 -111982.00
70.00 -115285.00
71.00 -118636.00
72.00 -122035.00
73.00 -125482.00
74.00 -128977.00
75.00 -132520.00
76.00 -136111.00
77.00 -139750.00
78.00 -143437.00
79.00 -147172.00
80.00 -150955.00
81.00 -154786.00
82.00 -158665.00
83.00 -162592.00
84.00 -166567.00
85.00 -170590.00
86.00 -174661.00
87.00 -178780.00
88.00 -182947.00
89.00 -187162.00
90.00 -191425.00
91.00 -195736.00
92.00 -200095.00
93.00 -204502.00
94.00 -208957.00
95.00 -213460.00
96.00 -218011.00
97.00 -222610.00
98.00 -227257.00
99.00 -231952.00
e

unset multiplot
