#Check Jacobian at x = [2](-10,-19.5)
# Good
#[1,2]((-39.5,-8))
#[1,2]((   -39.5,-7.99998))
# Bad
#[1,2](( 22,-12))
#[1,2]((   -39.5,-7.99998))
#Check Jacobian at x = [2](-9,-17.5)
# Good
#[1,2]((-35.5,-7))
#[1,2]((   -35.5,-6.99999))
# Bad
#[1,2](( 24,-11))
#[1,2]((   -35.5,-6.99999))
#Check Jacobian at x = [2](-8,-15.5)
# Good
#[1,2]((-31.5,-6))
#[1,2]((   -31.5,-6.00001))
# Bad
#[1,2](( 26,-10))
#[1,2]((   -31.5,-6.00001))
#Check Jacobian at x = [2](-7,-13.5)
# Good
#[1,2]((-27.5,-5))
#[1,2]((   -27.5,-4.99999))
# Bad
#[1,2]((28,-9))
#[1,2]((   -27.5,-4.99999))
#Check Jacobian at x = [2](-6,-11.5)
# Good
#[1,2]((-23.5,-4))
#[1,2]((-23.5,-4))
# Bad
#[1,2]((30,-8))
#[1,2]((-23.5,-4))
#Check Jacobian at x = [2](-5,-9.5)
# Good
#[1,2]((-19.5,-3))
#[1,2]((-19.5,-3))
# Bad
#[1,2]((32,-7))
#[1,2]((-19.5,-3))
#Check Jacobian at x = [2](-4,-7.5)
# Good
#[1,2]((-15.5,-2))
#[1,2]((-15.5,-2))
# Bad
#[1,2]((34,-6))
#[1,2]((-15.5,-2))
#Check Jacobian at x = [2](-3,-5.5)
# Good
#[1,2]((-11.5,-1))
#[1,2]((    -11.5,-0.999999))
# Bad
#[1,2]((36,-5))
#[1,2]((    -11.5,-0.999999))
#Check Jacobian at x = [2](-2,-3.5)
# Good
#[1,2]((-7.5,0))
#[1,2]((       -7.5,5.92119e-08))
# Bad
#[1,2]((38,-4))
#[1,2]((       -7.5,5.92119e-08))
#Check Jacobian at x = [2](-1,-1.5)
# Good
#[1,2]((-3.5,1))
#[1,2]((-3.5,1))
# Bad
#[1,2]((40,-3))
#[1,2]((-3.5,1))
#Check Jacobian at x = [2](0,0.5)
# Good
#[1,2]((0.5,2))
#[1,2]((0.5,2))
# Bad
#[1,2]((42,-2))
#[1,2]((0.5,2))
#Check Jacobian at x = [2](1,2.5)
# Good
#[1,2]((4.5,3))
#[1,2]((4.5,3))
# Bad
#[1,2]((44,-1))
#[1,2]((4.5,3))
#Check Jacobian at x = [2](2,4.5)
# Good
#[1,2]((8.5,4))
#[1,2]((8.5,4))
# Bad
#[1,2]((46,0))
#[1,2]((8.5,4))
#Check Jacobian at x = [2](3,6.5)
# Good
#[1,2]((12.5,5))
#[1,2]((12.5,5))
# Bad
#[1,2]((48,1))
#[1,2]((12.5,5))
#Check Jacobian at x = [2](4,8.5)
# Good
#[1,2]((16.5,6))
#[1,2]((16.5,6))
# Bad
#[1,2]((50,2))
#[1,2]((16.5,6))
#Check Jacobian at x = [2](5,10.5)
# Good
#[1,2]((20.5,7))
#[1,2]((   20.5,7.00001))
# Bad
#[1,2]((52,3))
#[1,2]((   20.5,7.00001))
#Check Jacobian at x = [2](6,12.5)
# Good
#[1,2]((24.5,8))
#[1,2]((   24.5,7.99999))
# Bad
#[1,2]((54,4))
#[1,2]((   24.5,7.99999))
#Check Jacobian at x = [2](7,14.5)
# Good
#[1,2]((28.5,9))
#[1,2]((   28.5,8.99999))
# Bad
#[1,2]((56,5))
#[1,2]((   28.5,8.99999))
#Check Jacobian at x = [2](8,16.5)
# Good
#[1,2]((32.5,10))
#[1,2]((   32.5,9.99999))
# Bad
#[1,2]((58,6))
#[1,2]((   32.5,9.99999))
#Check Jacobian at x = [2](9,18.5)
# Good
#[1,2]((36.5,11))
#[1,2]((36.5,11))
# Bad
#[1,2]((60,7))
#[1,2]((36.5,11))

#Check Jacobian at x = [2](-10,-19.5)
# Good
#[1,2]((-39.5,-8))
#[1,2]((   -39.5,-7.99998))
# Bad
#[1,2](( 22,-12))
#[1,2]((   -39.5,-7.99998))
#Check Jacobian at x = [2](-9,-17.5)
# Good
#[1,2]((-35.5,-7))
#[1,2]((   -35.5,-6.99999))
# Bad
#[1,2](( 24,-11))
#[1,2]((   -35.5,-6.99999))
#Check Jacobian at x = [2](-8,-15.5)
# Good
#[1,2]((-31.5,-6))
#[1,2]((   -31.5,-6.00001))
# Bad
#[1,2](( 26,-10))
#[1,2]((   -31.5,-6.00001))
#Check Jacobian at x = [2](-7,-13.5)
# Good
#[1,2]((-27.5,-5))
#[1,2]((   -27.5,-4.99999))
# Bad
#[1,2]((28,-9))
#[1,2]((   -27.5,-4.99999))
#Check Jacobian at x = [2](-6,-11.5)
# Good
#[1,2]((-23.5,-4))
#[1,2]((-23.5,-4))
# Bad
#[1,2]((30,-8))
#[1,2]((-23.5,-4))
#Check Jacobian at x = [2](-5,-9.5)
# Good
#[1,2]((-19.5,-3))
#[1,2]((-19.5,-3))
# Bad
#[1,2]((32,-7))
#[1,2]((-19.5,-3))
#Check Jacobian at x = [2](-4,-7.5)
# Good
#[1,2]((-15.5,-2))
#[1,2]((-15.5,-2))
# Bad
#[1,2]((34,-6))
#[1,2]((-15.5,-2))
#Check Jacobian at x = [2](-3,-5.5)
# Good
#[1,2]((-11.5,-1))
#[1,2]((    -11.5,-0.999999))
# Bad
#[1,2]((36,-5))
#[1,2]((    -11.5,-0.999999))
#Check Jacobian at x = [2](-2,-3.5)
# Good
#[1,2]((-7.5,0))
#[1,2]((       -7.5,5.92119e-08))
# Bad
#[1,2]((38,-4))
#[1,2]((       -7.5,5.92119e-08))
#Check Jacobian at x = [2](-1,-1.5)
# Good
#[1,2]((-3.5,1))
#[1,2]((-3.5,1))
# Bad
#[1,2]((40,-3))
#[1,2]((-3.5,1))
#Check Jacobian at x = [2](0,0.5)
# Good
#[1,2]((0.5,2))
#[1,2]((0.5,2))
# Bad
#[1,2]((42,-2))
#[1,2]((0.5,2))
#Check Jacobian at x = [2](1,2.5)
# Good
#[1,2]((4.5,3))
#[1,2]((4.5,3))
# Bad
#[1,2]((44,-1))
#[1,2]((4.5,3))
#Check Jacobian at x = [2](2,4.5)
# Good
#[1,2]((8.5,4))
#[1,2]((8.5,4))
# Bad
#[1,2]((46,0))
#[1,2]((8.5,4))
#Check Jacobian at x = [2](3,6.5)
# Good
#[1,2]((12.5,5))
#[1,2]((12.5,5))
# Bad
#[1,2]((48,1))
#[1,2]((12.5,5))
#Check Jacobian at x = [2](4,8.5)
# Good
#[1,2]((16.5,6))
#[1,2]((16.5,6))
# Bad
#[1,2]((50,2))
#[1,2]((16.5,6))
#Check Jacobian at x = [2](5,10.5)
# Good
#[1,2]((20.5,7))
#[1,2]((   20.5,7.00001))
# Bad
#[1,2]((52,3))
#[1,2]((   20.5,7.00001))
#Check Jacobian at x = [2](6,12.5)
# Good
#[1,2]((24.5,8))
#[1,2]((   24.5,7.99999))
# Bad
#[1,2]((54,4))
#[1,2]((   24.5,7.99999))
#Check Jacobian at x = [2](7,14.5)
# Good
#[1,2]((28.5,9))
#[1,2]((   28.5,8.99999))
# Bad
#[1,2]((56,5))
#[1,2]((   28.5,8.99999))
#Check Jacobian at x = [2](8,16.5)
# Good
#[1,2]((32.5,10))
#[1,2]((   32.5,9.99999))
# Bad
#[1,2]((58,6))
#[1,2]((   32.5,9.99999))
#Check Jacobian at x = [2](9,18.5)
# Good
#[1,2]((36.5,11))
#[1,2]((36.5,11))
# Bad
#[1,2]((60,7))
#[1,2]((36.5,11))

