#!/usr/bin/gnuplot
# Generated by roboptim-core
set terminal wxt persist
set multiplot layout 2,1
# Dense matrix
set title 'Dense Jacobian (The Answer)'
set palette defined(0 "white",1 "blue")
set grid front
set xrange [0:7]
set yrange [0:7] reverse
set size ratio -1
unset colorbox
plot '-' using ($1+0.5):($2+0.5):($3 == 0 ? 0 : 1) matrix with image notitle
1.00000000 0.00000000 0.00000000 0.00000000 1.00000000 1.00000000 0.00000000
1.00000000 0.00000000 1.00000000 0.00000000 0.00000000 0.00000000 1.00000000
1.00000000 0.00000000 1.00000000 0.00000000 0.00000000 0.00000000 1.00000000
1.00000000 1.00000000 1.00000000 0.00000000 0.00000000 1.00000000 0.00000000
0.00000000 0.00000000 1.00000000 0.00000000 1.00000000 0.00000000 0.00000000
0.00000000 0.00000000 1.00000000 0.00000000 1.00000000 0.00000000 0.00000000
0.00000000 0.00000000 1.00000000 0.00000000 1.00000000 1.00000000 1.00000000
e
e

# Sparse matrix
set title 'Sparse Jacobian (The Answer)'
set palette defined(0 "white",1 "blue")
set grid front
set xrange [0:7]
set yrange [0:7] reverse
set size ratio -1
unset colorbox
plot '-' using ($1+0.5):($2+0.5):($3 == 0 ? 0 : 1) matrix with image notitle
1 0 0 0 1 1 0
1 0 1 0 0 0 1
1 0 1 0 0 0 1
1 1 1 0 0 1 0
0 0 1 0 1 0 0
0 0 1 0 1 0 0
0 0 1 0 1 1 1
e
e

unset multiplot
